\BOOKMARK [0][-]{chapter.1}{\376\377\000I\000n\000t\000r\000o\000d\000u\000c\000t\000i\000o\000n}{}% 1
\BOOKMARK [1][-]{section.1.1}{\376\377\000B\000a\000c\000k\000g\000r\000o\000u\000n\000d}{chapter.1}% 2
\BOOKMARK [1][-]{section.1.2}{\376\377\000A\000i\000m\000s\000\040\000a\000n\000d\000\040\000O\000b\000j\000e\000c\000t\000i\000v\000e\000s}{chapter.1}% 3
\BOOKMARK [1][-]{section.1.3}{\376\377\000D\000i\000s\000s\000e\000r\000t\000a\000t\000i\000o\000n\000\040\000O\000v\000e\000r\000v\000i\000e\000w}{chapter.1}% 4
\BOOKMARK [0][-]{chapter.2}{\376\377\000L\000i\000t\000e\000r\000a\000t\000u\000r\000e\000\040\000R\000e\000v\000i\000e\000w}{}% 5
\BOOKMARK [1][-]{section.2.1}{\376\377\000A\000r\000t\000i\000f\000i\000c\000i\000a\000l\000\040\000I\000n\000t\000e\000l\000l\000i\000g\000e\000n\000c\000e\000\040\000E\000v\000a\000l\000u\000a\000t\000i\000o\000n\000\040\000C\000h\000a\000l\000l\000e\000n\000g\000e\000s}{chapter.2}% 6
\BOOKMARK [2][-]{subsection.2.1.1}{\376\377\000T\000r\000a\000d\000i\000t\000i\000o\000n\000a\000l\000\040\000E\000v\000a\000l\000u\000a\000t\000i\000o\000n\000\040\000L\000i\000m\000i\000t\000a\000t\000i\000o\000n\000s\000\040\000a\000n\000d\000\040\000S\000y\000s\000t\000e\000m\000a\000t\000i\000c\000\040\000B\000i\000a\000s}{section.2.1}% 7
\BOOKMARK [2][-]{subsection.2.1.2}{\376\377\000R\000e\000a\000s\000o\000n\000i\000n\000g\000\040\000T\000r\000a\000n\000s\000p\000a\000r\000e\000n\000c\000y\000\040\000a\000n\000d\000\040\000E\000x\000p\000l\000a\000i\000n\000a\000b\000i\000l\000i\000t\000y\000\040\000R\000e\000q\000u\000i\000r\000e\000m\000e\000n\000t\000s}{section.2.1}% 8
\BOOKMARK [2][-]{subsection.2.1.3}{\376\377\000T\000o\000w\000a\000r\000d\000s\000\040\000D\000P\000O\000-\000E\000n\000h\000a\000n\000c\000e\000d\000\040\000E\000v\000a\000l\000u\000a\000t\000i\000o\000n\000\040\000F\000r\000a\000m\000e\000w\000o\000r\000k\000s}{section.2.1}% 9
\BOOKMARK [1][-]{section.2.2}{\376\377\000M\000u\000l\000t\000i\000-\000A\000g\000e\000n\000t\000\040\000S\000y\000s\000t\000e\000m\000\040\000A\000s\000s\000e\000s\000s\000m\000e\000n\000t\000\040\000F\000r\000a\000m\000e\000w\000o\000r\000k\000s}{chapter.2}% 10
\BOOKMARK [2][-]{subsection.2.2.1}{\376\377\000C\000o\000o\000r\000d\000i\000n\000a\000t\000i\000o\000n\000\040\000C\000o\000m\000p\000l\000e\000x\000i\000t\000y\000\040\000a\000n\000d\000\040\000E\000v\000a\000l\000u\000a\000t\000i\000o\000n\000\040\000C\000h\000a\000l\000l\000e\000n\000g\000e\000s}{section.2.2}% 11
\BOOKMARK [2][-]{subsection.2.2.2}{\376\377\000M\000u\000l\000t\000i\000-\000A\000g\000e\000n\000t\000\040\000S\000y\000s\000t\000e\000m\000\040\000F\000a\000i\000l\000u\000r\000e\000\040\000M\000o\000d\000e\000s\000\040\000a\000n\000d\000\040\000A\000s\000s\000e\000s\000s\000m\000e\000n\000t\000\040\000G\000a\000p\000s}{section.2.2}% 12
\BOOKMARK [2][-]{subsection.2.2.3}{\376\377\000S\000t\000a\000t\000i\000s\000t\000i\000c\000a\000l\000\040\000E\000q\000u\000i\000v\000a\000l\000e\000n\000c\000e\000\040\000a\000n\000d\000\040\000D\000P\000O\000\040\000A\000p\000p\000l\000i\000c\000a\000t\000i\000o\000n\000s\000\040\000i\000n\000\040\000M\000u\000l\000t\000i\000-\000A\000g\000e\000n\000t\000\040\000O\000p\000t\000i\000m\000i\000z\000a\000t\000i\000o\000n}{section.2.2}% 13
\BOOKMARK [1][-]{section.2.3}{\376\377\000D\000i\000r\000e\000c\000t\000\040\000P\000r\000e\000f\000e\000r\000e\000n\000c\000e\000\040\000O\000p\000t\000i\000m\000i\000z\000a\000t\000i\000o\000n\000:\000\040\000M\000a\000t\000h\000e\000m\000a\000t\000i\000c\000a\000l\000\040\000F\000o\000u\000n\000d\000a\000t\000i\000o\000n\000s\000\040\000a\000n\000d\000\040\000R\000e\000s\000e\000a\000r\000c\000h\000\040\000M\000e\000t\000h\000o\000d\000o\000l\000o\000g\000y}{chapter.2}% 14
\BOOKMARK [2][-]{subsection.2.3.1}{\376\377\000M\000a\000t\000h\000e\000m\000a\000t\000i\000c\000a\000l\000\040\000F\000o\000u\000n\000d\000a\000t\000i\000o\000n\000s\000\040\000a\000n\000d\000\040\000T\000h\000e\000o\000r\000e\000t\000i\000c\000a\000l\000\040\000F\000r\000a\000m\000e\000w\000o\000r\000k}{section.2.3}% 15
\BOOKMARK [2][-]{subsection.2.3.2}{\376\377\000D\000P\000O\000\040\000v\000s\000.\000\040\000R\000L\000H\000F\000:\000\040\000C\000o\000m\000p\000a\000r\000a\000t\000i\000v\000e\000\040\000T\000e\000c\000h\000n\000i\000c\000a\000l\000\040\000A\000n\000a\000l\000y\000s\000i\000s}{section.2.3}% 16
\BOOKMARK [2][-]{subsection.2.3.3}{\376\377\000R\000e\000s\000o\000u\000r\000c\000e\000\040\000C\000o\000n\000s\000t\000r\000a\000i\000n\000t\000s\000\040\000a\000n\000d\000\040\000S\000c\000a\000l\000i\000n\000g\000\040\000L\000i\000m\000i\000t\000a\000t\000i\000o\000n\000s\000\040\000U\000n\000d\000e\000r\000\040\000D\000a\000t\000a\000\040\000C\000o\000n\000s\000t\000r\000a\000i\000n\000t\000s}{section.2.3}% 17
\BOOKMARK [2][-]{subsection.2.3.4}{\376\377\000S\000t\000a\000t\000i\000s\000t\000i\000c\000a\000l\000\040\000E\000q\000u\000i\000v\000a\000l\000e\000n\000c\000e\000\040\000U\000n\000d\000e\000r\000\040\000D\000a\000t\000a\000\040\000C\000o\000n\000s\000t\000r\000a\000i\000n\000t\000s}{section.2.3}% 18
\BOOKMARK [2][-]{subsection.2.3.5}{\376\377\000D\000o\000m\000a\000i\000n\000-\000S\000p\000e\000c\000i\000f\000i\000c\000\040\000A\000p\000p\000l\000i\000c\000a\000t\000i\000o\000n\000s\000:\000\040\000T\000h\000e\000o\000r\000e\000t\000i\000c\000a\000l\000\040\000C\000h\000a\000l\000l\000e\000n\000g\000e\000s\000\040\000i\000n\000\040\000A\000u\000t\000o\000m\000a\000t\000e\000d\000\040\000E\000m\000a\000i\000l\000\040\000G\000e\000n\000e\000r\000a\000t\000i\000o\000n}{section.2.3}% 19
\BOOKMARK [2][-]{subsection.2.3.6}{\376\377\000M\000u\000l\000t\000i\000-\000A\000g\000e\000n\000t\000\040\000S\000y\000s\000t\000e\000m\000s\000\040\000i\000n\000\040\000E\000v\000a\000l\000u\000a\000t\000i\000o\000n\000\040\000F\000r\000a\000m\000e\000w\000o\000r\000k\000s}{section.2.3}% 20
\BOOKMARK [1][-]{section.2.4}{\376\377\000D\000o\000m\000a\000i\000n\000-\000S\000p\000e\000c\000i\000f\000i\000c\000\040\000E\000v\000a\000l\000u\000a\000t\000i\000o\000n\000:\000\040\000E\000m\000a\000i\000l\000\040\000G\000e\000n\000e\000r\000a\000t\000i\000o\000n}{chapter.2}% 21
\BOOKMARK [1][-]{section.2.5}{\376\377\000R\000e\000s\000e\000a\000r\000c\000h\000\040\000P\000o\000s\000i\000t\000i\000o\000n\000i\000n\000g\000\040\000a\000n\000d\000\040\000T\000h\000e\000o\000r\000e\000t\000i\000c\000a\000l\000\040\000C\000o\000n\000t\000r\000i\000b\000u\000t\000i\000o\000n\000s}{chapter.2}% 22
\BOOKMARK [0][-]{chapter.3}{\376\377\000M\000e\000t\000h\000o\000d\000o\000l\000o\000g\000y}{}% 23
\BOOKMARK [1][-]{section.3.1}{\376\377\000R\000e\000s\000e\000a\000r\000c\000h\000\040\000D\000e\000s\000i\000g\000n\000\040\000a\000n\000d\000\040\000M\000u\000l\000t\000i\000-\000A\000g\000e\000n\000t\000\040\000A\000r\000c\000h\000i\000t\000e\000c\000t\000u\000r\000e}{chapter.3}% 24
\BOOKMARK [2][-]{subsection.3.1.1}{\376\377\000M\000u\000l\000t\000i\000-\000A\000g\000e\000n\000t\000\040\000E\000v\000a\000l\000u\000a\000t\000i\000o\000n\000\040\000F\000r\000a\000m\000e\000w\000o\000r\000k}{section.3.1}% 25
\BOOKMARK [2][-]{subsection.3.1.2}{\376\377\000T\000h\000r\000e\000e\000-\000A\000g\000e\000n\000t\000\040\000A\000r\000c\000h\000i\000t\000e\000c\000t\000u\000r\000e\000\040\000D\000e\000s\000i\000g\000n}{section.3.1}% 26
\BOOKMARK [2][-]{subsection.3.1.3}{\376\377\000A\000g\000e\000n\000t\000\040\000I\000n\000t\000e\000r\000a\000c\000t\000i\000o\000n\000\040\000a\000n\000d\000\040\000D\000a\000t\000a\000\040\000F\000l\000o\000w}{section.3.1}% 27
\BOOKMARK [2][-]{subsection.3.1.4}{\376\377\000R\000e\000a\000s\000o\000n\000i\000n\000g\000\040\000M\000o\000d\000e\000l\000\040\000S\000e\000l\000e\000c\000t\000i\000o\000n\000\040\000R\000a\000t\000i\000o\000n\000a\000l\000e}{section.3.1}% 28
\BOOKMARK [1][-]{section.3.2}{\376\377\000D\000a\000t\000a\000s\000e\000t\000\040\000D\000e\000v\000e\000l\000o\000p\000m\000e\000n\000t\000\040\000a\000n\000d\000\040\000M\000o\000d\000e\000l\000\040\000S\000e\000l\000e\000c\000t\000i\000o\000n}{chapter.3}% 29
\BOOKMARK [2][-]{subsection.3.2.1}{\376\377\000H\000u\000m\000a\000n\000\040\000E\000m\000a\000i\000l\000\040\000F\000o\000u\000n\000d\000a\000t\000i\000o\000n\000\040\000a\000n\000d\000\040\000A\000I\000-\000G\000e\000n\000e\000r\000a\000t\000e\000d\000\040\000E\000x\000p\000a\000n\000s\000i\000o\000n}{section.3.2}% 30
\BOOKMARK [2][-]{subsection.3.2.2}{\376\377\000V\000a\000l\000i\000d\000a\000t\000i\000o\000n\000\040\000D\000a\000t\000a\000s\000e\000t\000\040\000C\000r\000e\000a\000t\000i\000o\000n\000\040\000f\000o\000r\000\040\000F\000i\000n\000a\000l\000\040\000A\000s\000s\000e\000s\000s\000m\000e\000n\000t}{section.3.2}% 31
\BOOKMARK [2][-]{subsection.3.2.3}{\376\377\000T\000o\000p\000i\000c\000\040\000C\000a\000t\000e\000g\000o\000r\000i\000e\000s\000\040\000a\000n\000d\000\040\000D\000i\000s\000t\000r\000i\000b\000u\000t\000i\000o\000n}{section.3.2}% 32
\BOOKMARK [2][-]{subsection.3.2.4}{\376\377\000E\000m\000a\000i\000l\000\040\000G\000e\000n\000e\000r\000a\000t\000i\000o\000n\000\040\000M\000o\000d\000e\000l\000\040\000S\000e\000l\000e\000c\000t\000i\000o\000n\000\040\000a\000n\000d\000\040\000C\000a\000t\000e\000g\000o\000r\000i\000z\000a\000t\000i\000o\000n}{section.3.2}% 33
\BOOKMARK [2][-]{subsection.3.2.5}{\376\377\000A\000g\000e\000n\000t\000\040\000M\000o\000d\000e\000l\000\040\000E\000x\000p\000e\000r\000i\000m\000e\000n\000t\000a\000t\000i\000o\000n\000\040\000a\000n\000d\000\040\000S\000e\000l\000e\000c\000t\000i\000o\000n}{section.3.2}% 34
\BOOKMARK [1][-]{section.3.3}{\376\377\000E\000v\000a\000l\000u\000a\000t\000i\000o\000n\000\040\000F\000r\000a\000m\000e\000w\000o\000r\000k\000\040\000D\000e\000v\000e\000l\000o\000p\000m\000e\000n\000t}{chapter.3}% 35
\BOOKMARK [2][-]{subsection.3.3.1}{\376\377\000C\000h\000e\000c\000k\000l\000i\000s\000t\000\040\000A\000g\000e\000n\000t\000\040\000P\000r\000o\000m\000p\000t\000i\000n\000g\000\040\000S\000t\000r\000a\000t\000e\000g\000y\000\040\000O\000p\000t\000i\000m\000i\000z\000a\000t\000i\000o\000n}{section.3.3}% 36
\BOOKMARK [2][-]{subsection.3.3.2}{\376\377\000H\000y\000b\000r\000i\000d\000\040\000P\000r\000o\000m\000p\000t\000i\000n\000g\000\040\000S\000t\000r\000a\000t\000e\000g\000y\000\040\000V\000a\000l\000i\000d\000a\000t\000i\000o\000n}{section.3.3}% 37
\BOOKMARK [2][-]{subsection.3.3.3}{\376\377\000H\000y\000b\000r\000i\000d\000\040\000F\000r\000a\000m\000e\000w\000o\000r\000k\000\040\000I\000m\000p\000l\000e\000m\000e\000n\000t\000a\000t\000i\000o\000n\000\040\000a\000n\000d\000\040\000V\000a\000l\000i\000d\000a\000t\000i\000o\000n}{section.3.3}% 38
\BOOKMARK [2][-]{subsection.3.3.4}{\376\377\000B\000i\000n\000a\000r\000y\000\040\000C\000h\000e\000c\000k\000l\000i\000s\000t\000\040\000S\000c\000o\000r\000i\000n\000g\000\040\000a\000n\000d\000\040\000J\000u\000d\000g\000e\000\040\000A\000g\000e\000n\000t\000\040\000I\000n\000t\000e\000g\000r\000a\000t\000i\000o\000n}{section.3.3}% 39
\BOOKMARK [2][-]{subsection.3.3.5}{\376\377\000F\000r\000a\000m\000e\000w\000o\000r\000k\000\040\000R\000e\000l\000i\000a\000b\000i\000l\000i\000t\000y\000\040\000a\000n\000d\000\040\000Q\000u\000a\000l\000i\000t\000y\000\040\000A\000s\000s\000u\000r\000a\000n\000c\000e\000\040\000I\000n\000t\000e\000g\000r\000a\000t\000i\000o\000n}{section.3.3}% 40
\BOOKMARK [1][-]{section.3.4}{\376\377\000D\000i\000r\000e\000c\000t\000\040\000P\000r\000e\000f\000e\000r\000e\000n\000c\000e\000\040\000O\000p\000t\000i\000m\000i\000z\000a\000t\000i\000o\000n\000\040\000I\000m\000p\000l\000e\000m\000e\000n\000t\000a\000t\000i\000o\000n}{chapter.3}% 41
\BOOKMARK [2][-]{subsection.3.4.1}{\376\377\000D\000u\000a\000l\000-\000M\000e\000t\000h\000o\000d\000\040\000D\000P\000O\000\040\000A\000p\000p\000r\000o\000a\000c\000h\000\040\000D\000e\000v\000e\000l\000o\000p\000m\000e\000n\000t}{section.3.4}% 42
\BOOKMARK [2][-]{subsection.3.4.2}{\376\377\000P\000r\000e\000f\000e\000r\000e\000n\000c\000e\000\040\000P\000a\000i\000r\000\040\000G\000e\000n\000e\000r\000a\000t\000i\000o\000n\000\040\000a\000n\000d\000\040\000D\000a\000t\000a\000\040\000P\000r\000e\000p\000a\000r\000a\000t\000i\000o\000n}{section.3.4}% 43
\BOOKMARK [2][-]{subsection.3.4.3}{\376\377\000D\000P\000O\000-\000S\000y\000n\000t\000h\000e\000t\000i\000c\000\040\000M\000e\000t\000h\000o\000d\000\040\000I\000m\000p\000l\000e\000m\000e\000n\000t\000a\000t\000i\000o\000n}{section.3.4}% 44
\BOOKMARK [2][-]{subsection.3.4.4}{\376\377\000D\000P\000O\000-\000H\000y\000b\000r\000i\000d\000\040\000M\000e\000t\000h\000o\000d\000\040\000I\000m\000p\000l\000e\000m\000e\000n\000t\000a\000t\000i\000o\000n}{section.3.4}% 45
\BOOKMARK [1][-]{section.3.5}{\376\377\000F\000i\000n\000a\000l\000\040\000V\000a\000l\000i\000d\000a\000t\000i\000o\000n\000\040\000P\000r\000o\000t\000o\000c\000o\000l}{chapter.3}% 46
\BOOKMARK [2][-]{subsection.3.5.1}{\376\377\000T\000h\000r\000e\000e\000-\000W\000a\000y\000\040\000C\000o\000m\000p\000a\000r\000i\000s\000o\000n\000\040\000E\000x\000p\000e\000r\000i\000m\000e\000n\000t\000a\000l\000\040\000D\000e\000s\000i\000g\000n}{section.3.5}% 47
\BOOKMARK [2][-]{subsection.3.5.2}{\376\377\000U\000n\000s\000e\000e\000n\000\040\000T\000o\000p\000i\000c\000\040\000E\000v\000a\000l\000u\000a\000t\000i\000o\000n\000\040\000M\000e\000t\000h\000o\000d\000o\000l\000o\000g\000y}{section.3.5}% 48
\BOOKMARK [2][-]{subsection.3.5.3}{\376\377\000S\000t\000a\000t\000i\000s\000t\000i\000c\000a\000l\000\040\000A\000n\000a\000l\000y\000s\000i\000s\000\040\000F\000r\000a\000m\000e\000w\000o\000r\000k}{section.3.5}% 49
\BOOKMARK [2][-]{subsection.3.5.4}{\376\377\000E\000x\000t\000e\000r\000n\000a\000l\000\040\000V\000a\000l\000i\000d\000a\000t\000i\000o\000n\000\040\000a\000n\000d\000\040\000E\000x\000p\000e\000r\000t\000\040\000A\000s\000s\000e\000s\000s\000m\000e\000n\000t}{section.3.5}% 50
\BOOKMARK [2][-]{subsection.3.5.5}{\376\377\000G\000e\000n\000e\000r\000a\000l\000i\000z\000a\000b\000i\000l\000i\000t\000y\000\040\000A\000s\000s\000e\000s\000s\000m\000e\000n\000t\000\040\000a\000n\000d\000\040\000L\000i\000m\000i\000t\000a\000t\000i\000o\000n\000s}{section.3.5}% 51
\BOOKMARK [0][-]{chapter.4}{\376\377\000R\000e\000s\000u\000l\000t\000s}{}% 52
\BOOKMARK [1][-]{section.4.1}{\376\377\000E\000m\000p\000i\000r\000i\000c\000a\000l\000\040\000O\000v\000e\000r\000v\000i\000e\000w}{chapter.4}% 53
\BOOKMARK [1][-]{section.4.2}{\376\377\000D\000e\000s\000c\000r\000i\000p\000t\000i\000v\000e\000\040\000S\000t\000a\000t\000i\000s\000t\000i\000c\000s}{chapter.4}% 54
\BOOKMARK [1][-]{section.4.3}{\376\377\000I\000n\000f\000e\000r\000e\000n\000t\000i\000a\000l\000\040\000S\000t\000a\000t\000i\000s\000t\000i\000c\000a\000l\000\040\000A\000n\000a\000l\000y\000s\000i\000s}{chapter.4}% 55
\BOOKMARK [1][-]{section.4.4}{\376\377\000E\000f\000f\000e\000c\000t\000\040\000S\000i\000z\000e\000\040\000Q\000u\000a\000n\000t\000i\000f\000i\000c\000a\000t\000i\000o\000n}{chapter.4}% 56
\BOOKMARK [1][-]{section.4.5}{\376\377\000M\000o\000d\000e\000l\000-\000S\000p\000e\000c\000i\000f\000i\000c\000\040\000P\000e\000r\000f\000o\000r\000m\000a\000n\000c\000e\000\040\000P\000a\000t\000t\000e\000r\000n\000s}{chapter.4}% 57
\BOOKMARK [1][-]{section.4.6}{\376\377\000D\000o\000m\000a\000i\000n\000-\000S\000p\000e\000c\000i\000f\000i\000c\000\040\000P\000e\000r\000f\000o\000r\000m\000a\000n\000c\000e\000\040\000A\000n\000a\000l\000y\000s\000i\000s}{chapter.4}% 58
\BOOKMARK [1][-]{section.4.7}{\376\377\000P\000r\000e\000d\000i\000c\000t\000i\000v\000e\000\040\000V\000a\000l\000i\000d\000i\000t\000y\000\040\000A\000s\000s\000e\000s\000s\000m\000e\000n\000t}{chapter.4}% 59
\BOOKMARK [0][-]{chapter.5}{\376\377\000D\000i\000s\000c\000u\000s\000s\000i\000o\000n}{}% 60
\BOOKMARK [1][-]{section.5.1}{\376\377\000S\000t\000a\000t\000i\000s\000t\000i\000c\000a\000l\000\040\000E\000q\000u\000i\000v\000a\000l\000e\000n\000c\000e\000\040\000A\000n\000a\000l\000y\000s\000i\000s}{chapter.5}% 61
\BOOKMARK [1][-]{section.5.2}{\376\377\000F\000r\000a\000m\000e\000w\000o\000r\000k\000\040\000R\000o\000b\000u\000s\000t\000n\000e\000s\000s\000\040\000E\000v\000a\000l\000u\000a\000t\000i\000o\000n}{chapter.5}% 62
\BOOKMARK [1][-]{section.5.3}{\376\377\000T\000h\000e\000o\000r\000e\000t\000i\000c\000a\000l\000\040\000I\000m\000p\000l\000i\000c\000a\000t\000i\000o\000n\000s\000\040\000a\000n\000d\000\040\000M\000e\000t\000h\000o\000d\000o\000l\000o\000g\000i\000c\000a\000l\000\040\000C\000o\000n\000t\000r\000i\000b\000u\000t\000i\000o\000n\000s}{chapter.5}% 63
\BOOKMARK [0][-]{chapter.6}{\376\377\000C\000o\000n\000c\000l\000u\000s\000i\000o\000n}{}% 64
\BOOKMARK [1][-]{section.6.1}{\376\377\000S\000u\000m\000m\000a\000r\000y\000\040\000o\000f\000\040\000K\000e\000y\000\040\000F\000i\000n\000d\000i\000n\000g\000s}{chapter.6}% 65
\BOOKMARK [2][-]{subsection.6.1.1}{\376\377\000P\000r\000i\000m\000a\000r\000y\000\040\000R\000e\000s\000e\000a\000r\000c\000h\000\040\000O\000u\000t\000c\000o\000m\000e\000s}{section.6.1}% 66
\BOOKMARK [2][-]{subsection.6.1.2}{\376\377\000M\000o\000d\000e\000l\000-\000S\000p\000e\000c\000i\000f\000i\000c\000\040\000R\000e\000s\000p\000o\000n\000s\000e\000\040\000H\000e\000t\000e\000r\000o\000g\000e\000n\000e\000i\000t\000y}{section.6.1}% 67
\BOOKMARK [2][-]{subsection.6.1.3}{\376\377\000F\000r\000a\000m\000e\000w\000o\000r\000k\000\040\000R\000o\000b\000u\000s\000t\000n\000e\000s\000s\000\040\000V\000a\000l\000i\000d\000a\000t\000i\000o\000n}{section.6.1}% 68
\BOOKMARK [2][-]{subsection.6.1.4}{\376\377\000M\000e\000t\000h\000o\000d\000o\000l\000o\000g\000i\000c\000a\000l\000\040\000I\000n\000n\000o\000v\000a\000t\000i\000o\000n\000\040\000O\000u\000t\000c\000o\000m\000e\000s}{section.6.1}% 69
\BOOKMARK [1][-]{section.6.2}{\376\377\000F\000u\000t\000u\000r\000e\000\040\000R\000e\000s\000e\000a\000r\000c\000h\000\040\000D\000i\000r\000e\000c\000t\000i\000o\000n\000s}{chapter.6}% 70
\BOOKMARK [2][-]{subsection.6.2.1}{\376\377\000S\000h\000o\000r\000t\000-\000T\000e\000r\000m\000\040\000R\000e\000s\000e\000a\000r\000c\000h\000\040\000E\000x\000t\000e\000n\000s\000i\000o\000n\000s}{section.6.2}% 71
\BOOKMARK [2][-]{subsection.6.2.2}{\376\377\000M\000e\000d\000i\000u\000m\000-\000T\000e\000r\000m\000\040\000R\000e\000s\000e\000a\000r\000c\000h\000\040\000A\000g\000e\000n\000d\000a}{section.6.2}% 72
\BOOKMARK [2][-]{subsection.6.2.3}{\376\377\000T\000e\000c\000h\000n\000i\000c\000a\000l\000\040\000a\000n\000d\000\040\000M\000e\000t\000h\000o\000d\000o\000l\000o\000g\000i\000c\000a\000l\000\040\000A\000d\000v\000a\000n\000c\000e\000s}{section.6.2}% 73
\BOOKMARK [2][-]{subsection.6.2.4}{\376\377\000L\000o\000n\000g\000-\000T\000e\000r\000m\000\040\000R\000e\000s\000e\000a\000r\000c\000h\000\040\000V\000i\000s\000i\000o\000n}{section.6.2}% 74
\BOOKMARK [1][-]{section.6.3}{\376\377\000F\000i\000n\000a\000l\000\040\000R\000e\000m\000a\000r\000k\000s}{chapter.6}% 75
\BOOKMARK [0][-]{section*.24}{\376\377\000A\000p\000p\000e\000n\000d\000i\000c\000e\000s}{}% 76
\BOOKMARK [0][-]{appendix.1.A}{\376\377\000E\000x\000p\000e\000r\000i\000m\000e\000n\000t\000a\000l\000\040\000S\000e\000t\000u\000p\000\040\000D\000e\000t\000a\000i\000l\000s}{}% 77
\BOOKMARK [1][-]{section.1.A.1}{\376\377\000C\000o\000m\000p\000l\000e\000t\000e\000\040\000A\000g\000e\000n\000t\000\040\000P\000r\000o\000m\000p\000t\000\040\000T\000e\000m\000p\000l\000a\000t\000e\000s}{appendix.1.A}% 78
\BOOKMARK [2][-]{subsection.1.A.1.1}{\376\377\000E\000m\000a\000i\000l\000\040\000G\000e\000n\000e\000r\000a\000t\000o\000r\000\040\000A\000g\000e\000n\000t}{section.1.A.1}% 79
\BOOKMARK [2][-]{subsection.1.A.1.2}{\376\377\000C\000h\000e\000c\000k\000l\000i\000s\000t\000\040\000C\000r\000e\000a\000t\000o\000r\000\040\000A\000g\000e\000n\000t}{section.1.A.1}% 80
\BOOKMARK [2][-]{subsection.1.A.1.3}{\376\377\000J\000u\000d\000g\000e\000\040\000A\000g\000e\000n\000t}{section.1.A.1}% 81
\BOOKMARK [1][-]{section.1.A.2}{\376\377\000M\000o\000d\000e\000l\000\040\000T\000e\000c\000h\000n\000i\000c\000a\000l\000\040\000S\000p\000e\000c\000i\000f\000i\000c\000a\000t\000i\000o\000n\000s}{appendix.1.A}% 82
\BOOKMARK [2][-]{subsection.1.A.2.1}{\376\377\000M\000o\000d\000e\000l\000\040\000A\000r\000c\000h\000i\000t\000e\000c\000t\000u\000r\000e\000\040\000O\000v\000e\000r\000v\000i\000e\000w}{section.1.A.2}% 83
\BOOKMARK [2][-]{subsection.1.A.2.2}{\376\377\000v\000L\000L\000M\000\040\000B\000a\000c\000k\000e\000n\000d\000\040\000C\000o\000n\000f\000i\000g\000u\000r\000a\000t\000i\000o\000n}{section.1.A.2}% 84
\BOOKMARK [2][-]{subsection.1.A.2.3}{\376\377\000C\000o\000m\000p\000u\000t\000a\000t\000i\000o\000n\000a\000l\000\040\000I\000n\000f\000r\000a\000s\000t\000r\000u\000c\000t\000u\000r\000e}{section.1.A.2}% 85
\BOOKMARK [1][-]{section.1.A.3}{\376\377\000D\000P\000O\000\040\000A\000l\000g\000o\000r\000i\000t\000h\000m\000\040\000I\000m\000p\000l\000e\000m\000e\000n\000t\000a\000t\000i\000o\000n}{appendix.1.A}% 86
\BOOKMARK [2][-]{subsection.1.A.3.1}{\376\377\000M\000a\000t\000h\000e\000m\000a\000t\000i\000c\000a\000l\000\040\000F\000o\000r\000m\000u\000l\000a\000t\000i\000o\000n}{section.1.A.3}% 87
\BOOKMARK [2][-]{subsection.1.A.3.2}{\376\377\000T\000r\000a\000i\000n\000i\000n\000g\000\040\000C\000o\000n\000f\000i\000g\000u\000r\000a\000t\000i\000o\000n\000\040\000D\000e\000t\000a\000i\000l\000s}{section.1.A.3}% 88
\BOOKMARK [2][-]{subsection.1.A.3.3}{\376\377\000D\000a\000t\000a\000\040\000P\000i\000p\000e\000l\000i\000n\000e\000\040\000D\000o\000c\000u\000m\000e\000n\000t\000a\000t\000i\000o\000n}{section.1.A.3}% 89
\BOOKMARK [2][-]{subsection.1.A.3.4}{\376\377\000T\000r\000a\000i\000n\000i\000n\000g\000\040\000P\000r\000o\000t\000o\000c\000o\000l\000s}{section.1.A.3}% 90
\BOOKMARK [1][-]{section.1.A.4}{\376\377\000C\000o\000m\000p\000l\000e\000t\000e\000\040\000D\000a\000t\000a\000s\000e\000t\000\040\000S\000a\000m\000p\000l\000e\000s}{appendix.1.A}% 91
\BOOKMARK [2][-]{subsection.1.A.4.1}{\376\377\000T\000o\000p\000i\000c\000\040\000E\000x\000a\000m\000p\000l\000e\000s\000\040\000A\000c\000r\000o\000s\000s\000\040\000C\000h\000a\000r\000i\000t\000y\000\040\000C\000a\000t\000e\000g\000o\000r\000i\000e\000s}{section.1.A.4}% 92
\BOOKMARK [2][-]{subsection.1.A.4.2}{\376\377\000D\000P\000O\000\040\000T\000r\000a\000i\000n\000i\000n\000g\000\040\000D\000a\000t\000a\000\040\000S\000p\000e\000c\000i\000f\000i\000c\000a\000t\000i\000o\000n\000s}{section.1.A.4}% 93
\BOOKMARK [2][-]{subsection.1.A.4.3}{\376\377\000E\000v\000a\000l\000u\000a\000t\000i\000o\000n\000\040\000F\000r\000a\000m\000e\000w\000o\000r\000k\000\040\000E\000x\000a\000m\000p\000l\000e\000s}{section.1.A.4}% 94
\BOOKMARK [2][-]{subsection.1.A.4.4}{\376\377\000D\000a\000t\000a\000\040\000Q\000u\000a\000l\000i\000t\000y\000\040\000A\000s\000s\000u\000r\000a\000n\000c\000e\000\040\000P\000r\000o\000c\000e\000d\000u\000r\000e\000s}{section.1.A.4}% 95
\BOOKMARK [1][-]{section.1.A.5}{\376\377\000S\000t\000a\000t\000i\000s\000t\000i\000c\000a\000l\000\040\000A\000n\000a\000l\000y\000s\000i\000s\000\040\000V\000a\000l\000i\000d\000a\000t\000i\000o\000n}{appendix.1.A}% 96
\BOOKMARK [2][-]{subsection.1.A.5.1}{\376\377\000A\000N\000O\000V\000A\000\040\000A\000s\000s\000u\000m\000p\000t\000i\000o\000n\000s\000\040\000T\000e\000s\000t\000i\000n\000g}{section.1.A.5}% 97
\BOOKMARK [2][-]{subsection.1.A.5.2}{\376\377\000P\000o\000w\000e\000r\000\040\000A\000n\000a\000l\000y\000s\000i\000s\000\040\000D\000o\000c\000u\000m\000e\000n\000t\000a\000t\000i\000o\000n}{section.1.A.5}% 98
\BOOKMARK [2][-]{subsection.1.A.5.3}{\376\377\000S\000t\000a\000t\000i\000s\000t\000i\000c\000a\000l\000\040\000E\000q\000u\000i\000v\000a\000l\000e\000n\000c\000e\000\040\000S\000u\000p\000p\000o\000r\000t}{section.1.A.5}% 99
\BOOKMARK [2][-]{subsection.1.A.5.4}{\376\377\000M\000e\000t\000h\000o\000d\000o\000l\000o\000g\000y\000\040\000V\000a\000l\000i\000d\000a\000t\000i\000o\000n}{section.1.A.5}% 100
\BOOKMARK [1][-]{section.1.A.6}{\376\377\000H\000y\000b\000r\000i\000d\000\040\000P\000r\000o\000m\000p\000t\000i\000n\000g\000\040\000T\000e\000c\000h\000n\000i\000c\000a\000l\000\040\000I\000n\000n\000o\000v\000a\000t\000i\000o\000n}{appendix.1.A}% 101
\BOOKMARK [2][-]{subsection.1.A.6.1}{\376\377\000M\000e\000t\000h\000o\000d\000o\000l\000o\000g\000y\000\040\000I\000n\000n\000o\000v\000a\000t\000i\000o\000n\000\040\000F\000r\000a\000m\000e\000w\000o\000r\000k}{section.1.A.6}% 102
\BOOKMARK [2][-]{subsection.1.A.6.2}{\376\377\000I\000m\000p\000l\000e\000m\000e\000n\000t\000a\000t\000i\000o\000n\000\040\000D\000e\000t\000a\000i\000l\000s\000\040\000a\000n\000d\000\040\000M\000u\000l\000t\000i\000-\000A\000g\000e\000n\000t\000\040\000C\000o\000o\000r\000d\000i\000n\000a\000t\000i\000o\000n}{section.1.A.6}% 103
\BOOKMARK [2][-]{subsection.1.A.6.3}{\376\377\000Q\000u\000a\000l\000i\000t\000y\000\040\000A\000s\000s\000u\000r\000a\000n\000c\000e\000\040\000P\000r\000o\000t\000o\000c\000o\000l\000s\000\040\000a\000n\000d\000\040\000B\000i\000a\000s\000\040\000M\000i\000t\000i\000g\000a\000t\000i\000o\000n}{section.1.A.6}% 104
\BOOKMARK [2][-]{subsection.1.A.6.4}{\376\377\000P\000e\000r\000f\000o\000r\000m\000a\000n\000c\000e\000\040\000V\000a\000l\000i\000d\000a\000t\000i\000o\000n\000\040\000a\000n\000d\000\040\000M\000e\000t\000h\000o\000d\000o\000l\000o\000g\000y\000\040\000E\000f\000f\000e\000c\000t\000i\000v\000e\000n\000e\000s\000s}{section.1.A.6}% 105
\BOOKMARK [2][-]{subsection.1.A.6.5}{\376\377\000T\000e\000c\000h\000n\000i\000c\000a\000l\000\040\000I\000m\000p\000l\000e\000m\000e\000n\000t\000a\000t\000i\000o\000n\000\040\000a\000n\000d\000\040\000O\000p\000t\000i\000m\000i\000z\000a\000t\000i\000o\000n\000\040\000P\000r\000o\000c\000e\000d\000u\000r\000e\000s}{section.1.A.6}% 106
